2026-10-01 16:54:13 [INFO] Borne 192.168.2.10:5205 - compteurs du musee
2026-10-01 16:54:13 [INFO]   511 VISITES MUSEE E=105681 S=0
2026-10-01 16:54:13 [INFO]   512 ENTREE MUSEE E=105681 S=0
2026-10-01 16:54:13 [INFO]   1208 TRI-MUS-55   E=26070 S=0
2026-10-01 16:54:13 [INFO]   1209 TRI-MUS-56   E=53232 S=0
2026-10-01 16:54:13 [INFO]   1210 TRI-MUS-57   E=26379 S=0
2026-10-01 16:54:13 [INFO]   1040 PDA.3.11     E=0 S=0
2026-10-01 16:54:14 [INFO]   transactions 00:00:00 -> 16:54:13 : 500 lues en 6 page(s), 277 au musee
2026-10-01 16:54:14 [INFO] Dialogue borne : 1.6 s
2026-10-01 16:54:14 [INFO] [dry-run] releve {'511': {'type': 'Area', 'nom': 'VISITES MUSEE', 'entries': 105681, 'exits': 0, 'current': 105681}, '512': {'type': 'Gate', 'nom': 'ENTREE MUSEE', 'entries': 105681, 'exits': 0, 'current': 105681}, '1208': {'type': 'Checkpoint', 'nom': 'TRI-MUS-55', 'entries': 26070, 'exits': 0, 'current': 26070}, '1209': {'type': 'Checkpoint', 'nom': 'TRI-MUS-56', 'entries': 53232, 'exits': 0, 'current': 53232}, '1210': {'type': 'Checkpoint', 'nom': 'TRI-MUS-57', 'entries': 26379, 'exits': 0, 'current': 26379}, '1040': {'type': 'Checkpoint', 'nom': 'PDA.3.11', 'entries': 0, 'exits': 0, 'current': 0}} ; 277 passages musee
2026-10-01 16:54:19 [INFO] Borne 192.168.2.10:5205 - compteurs du musee
2026-10-01 16:54:19 [INFO]   511 VISITES MUSEE E=105681 S=0
2026-10-01 16:54:19 [INFO]   512 ENTREE MUSEE E=105681 S=0
2026-10-01 16:54:19 [INFO]   1208 TRI-MUS-55   E=26070 S=0
2026-10-01 16:54:20 [INFO]   1209 TRI-MUS-56   E=53232 S=0
2026-10-01 16:54:20 [INFO]   1210 TRI-MUS-57   E=26379 S=0
2026-10-01 16:54:20 [INFO]   1040 PDA.3.11     E=0 S=0
2026-10-01 16:54:21 [INFO]   transactions 00:00:00 -> 16:54:19 : 500 lues en 6 page(s), 277 au musee
2026-10-01 16:54:21 [INFO] Dialogue borne : 1.5 s
2026-10-01 16:54:22 [INFO] Visiteurs du 2026-10-01 : 258 (source transactions, compteur 0, transactions 258)
2026-10-01 16:57:12 [INFO] Borne 192.168.2.10:5205 - compteurs du musee
2026-10-01 16:57:12 [INFO]   511 VISITES MUSEE E=105682 S=0
2026-10-01 16:57:12 [INFO]   512 ENTREE MUSEE E=105682 S=0
2026-10-01 16:57:12 [INFO]   1208 TRI-MUS-55   E=26071 S=0
2026-10-01 16:57:12 [INFO]   1209 TRI-MUS-56   E=53232 S=0
2026-10-01 16:57:12 [INFO]   1210 TRI-MUS-57   E=26379 S=0
2026-10-01 16:57:12 [INFO]   1040 PDA.3.11     E=0 S=0
2026-10-01 16:57:12 [INFO]   transactions 16:44:19 -> 16:57:12 : 12 lues en 1 page(s), 3 au musee
2026-10-01 16:57:12 [INFO] Dialogue borne : 0.8 s
2026-10-01 16:57:13 [INFO] Visiteurs du 2026-10-01 : 259 (source transactions, compteur 1, transactions 259)
2026-10-01 17:41:43 [INFO] Borne 192.168.2.10:5205 - compteurs du musee
2026-10-01 17:41:43 [INFO]   511 VISITES MUSEE E=105682 S=0
2026-10-01 17:41:43 [INFO]   512 ENTREE MUSEE E=105682 S=0
2026-10-01 17:41:43 [INFO]   1208 TRI-MUS-55   E=26071 S=0
2026-10-01 17:41:43 [INFO]   1209 TRI-MUS-56   E=53232 S=0
2026-10-01 17:41:43 [INFO]   1210 TRI-MUS-57   E=26379 S=0
2026-10-01 17:41:43 [INFO]   1040 PDA.3.11     E=0 S=0
2026-10-01 17:41:43 [INFO]   transactions 16:47:12 -> 17:41:43 : 54 lues en 1 page(s), 2 au musee
2026-10-01 17:41:43 [INFO] Dialogue borne : 0.8 s
2026-10-01 17:41:43 [INFO] [dry-run] releve {'511': {'type': 'Area', 'nom': 'VISITES MUSEE', 'entries': 105682, 'exits': 0, 'current': 105682}, '512': {'type': 'Gate', 'nom': 'ENTREE MUSEE', 'entries': 105682, 'exits': 0, 'current': 105682}, '1208': {'type': 'Checkpoint', 'nom': 'TRI-MUS-55', 'entries': 26071, 'exits': 0, 'current': 26071}, '1209': {'type': 'Checkpoint', 'nom': 'TRI-MUS-56', 'entries': 53232, 'exits': 0, 'current': 53232}, '1210': {'type': 'Checkpoint', 'nom': 'TRI-MUS-57', 'entries': 26379, 'exits': 0, 'current': 26379}, '1040': {'type': 'Checkpoint', 'nom': 'PDA.3.11', 'entries': 0, 'exits': 0, 'current': 0}} ; 2 passages musee
2026-10-01 18:11:01 [INFO] Borne 192.168.2.10:5205 - compteurs du musee
2026-10-01 18:11:02 [INFO]   511 VISITES MUSEE E=105682 S=0
2026-10-01 18:11:02 [INFO]   512 ENTREE MUSEE E=105682 S=0
2026-10-01 18:11:02 [INFO]   1208 TRI-MUS-55   E=26071 S=0
2026-10-01 18:11:02 [INFO]   1209 TRI-MUS-56   E=53232 S=0
2026-10-01 18:11:02 [INFO]   1210 TRI-MUS-57   E=26379 S=0
2026-10-01 18:11:02 [INFO]   1040 PDA.3.11     E=0 S=0
2026-10-01 18:11:02 [INFO]   transactions 16:47:12 -> 18:11:01 : 93 lues en 1 page(s), 2 au musee
2026-10-01 18:11:02 [INFO] Dialogue borne : 1.1 s
2026-10-01 18:11:02 [INFO] Visiteurs du 2026-10-01 : 259 (source transactions, compteur 1, transactions 259)
2026-10-01 18:16:01 [INFO] Borne 192.168.2.10:5205 - compteurs du musee
2026-10-01 18:16:01 [INFO]   511 VISITES MUSEE E=105682 S=0
2026-10-01 18:16:01 [INFO]   512 ENTREE MUSEE E=105682 S=0
2026-10-01 18:16:01 [INFO]   1208 TRI-MUS-55   E=26071 S=0
2026-10-01 18:16:01 [INFO]   1209 TRI-MUS-56   E=53232 S=0
2026-10-01 18:16:01 [INFO]   1210 TRI-MUS-57   E=26379 S=0
2026-10-01 18:16:02 [INFO]   1040 PDA.3.11     E=0 S=0
2026-10-01 18:16:02 [INFO]   transactions 18:01:01 -> 18:16:01 : 11 lues en 1 page(s), 0 au musee
2026-10-01 18:16:02 [INFO] Dialogue borne : 0.9 s
2026-10-01 18:16:02 [INFO] Visiteurs du 2026-10-01 : 259 (source transactions, compteur 1, transactions 259)
2026-10-01 18:21:01 [INFO] Borne 192.168.2.10:5205 - compteurs du musee
2026-10-01 18:21:01 [INFO]   511 VISITES MUSEE E=105682 S=0
2026-10-01 18:21:01 [INFO]   512 ENTREE MUSEE E=105682 S=0
2026-10-01 18:21:02 [INFO]   1208 TRI-MUS-55   E=26071 S=0
2026-10-01 18:21:02 [INFO]   1209 TRI-MUS-56   E=53232 S=0
2026-10-01 18:21:02 [INFO]   1210 TRI-MUS-57   E=26379 S=0
2026-10-01 18:21:02 [INFO]   1040 PDA.3.11     E=0 S=0
2026-10-01 18:21:02 [INFO]   transactions 18:06:01 -> 18:21:01 : 3 lues en 1 page(s), 0 au musee
2026-10-01 18:21:02 [INFO] Dialogue borne : 0.9 s
2026-10-01 18:21:02 [INFO] Visiteurs du 2026-10-01 : 259 (source transactions, compteur 1, transactions 259)
2026-10-01 18:26:01 [INFO] Borne 192.168.2.10:5205 - compteurs du musee
2026-10-01 18:26:02 [INFO]   511 VISITES MUSEE E=105682 S=0
2026-10-01 18:26:02 [INFO]   512 ENTREE MUSEE E=105682 S=0
2026-10-01 18:26:02 [INFO]   1208 TRI-MUS-55   E=26071 S=0
2026-10-01 18:26:02 [INFO]   1209 TRI-MUS-56   E=53232 S=0
2026-10-01 18:26:02 [INFO]   1210 TRI-MUS-57   E=26379 S=0
2026-10-01 18:26:02 [INFO]   1040 PDA.3.11     E=0 S=0
2026-10-01 18:26:02 [INFO]   transactions 18:11:01 -> 18:26:01 : 5 lues en 1 page(s), 0 au musee
2026-10-01 18:26:02 [INFO] Dialogue borne : 1.0 s
2026-10-01 18:26:02 [INFO] Visiteurs du 2026-10-01 : 259 (source transactions, compteur 1, transactions 259)
2026-10-01 18:31:01 [INFO] Borne 192.168.2.10:5205 - compteurs du musee
2026-10-01 18:31:01 [INFO]   511 VISITES MUSEE E=105682 S=0
2026-10-01 18:31:01 [INFO]   512 ENTREE MUSEE E=105682 S=0
2026-10-01 18:31:01 [INFO]   1208 TRI-MUS-55   E=26071 S=0
2026-10-01 18:31:01 [INFO]   1209 TRI-MUS-56   E=53232 S=0
2026-10-01 18:31:01 [INFO]   1210 TRI-MUS-57   E=26379 S=0
2026-10-01 18:31:01 [INFO]   1040 PDA.3.11     E=0 S=0
2026-10-01 18:31:02 [INFO]   transactions 18:16:01 -> 18:31:01 : 6 lues en 1 page(s), 0 au musee
2026-10-01 18:31:02 [INFO] Dialogue borne : 0.8 s
2026-10-01 18:31:02 [INFO] Visiteurs du 2026-10-01 : 259 (source transactions, compteur 1, transactions 259)
2026-10-01 18:36:01 [INFO] Borne 192.168.2.10:5205 - compteurs du musee
2026-10-01 18:36:01 [INFO]   511 VISITES MUSEE E=105682 S=0
2026-10-01 18:36:01 [INFO]   512 ENTREE MUSEE E=105682 S=0
2026-10-01 18:36:01 [INFO]   1208 TRI-MUS-55   E=26071 S=0
2026-10-01 18:36:01 [INFO]   1209 TRI-MUS-56   E=53232 S=0
2026-10-01 18:36:01 [INFO]   1210 TRI-MUS-57   E=26379 S=0
2026-10-01 18:36:02 [INFO]   1040 PDA.3.11     E=0 S=0
2026-10-01 18:36:02 [INFO]   transactions 18:21:01 -> 18:36:01 : 4 lues en 1 page(s), 0 au musee
2026-10-01 18:36:02 [INFO] Dialogue borne : 0.8 s
2026-10-01 18:36:02 [INFO] Visiteurs du 2026-10-01 : 259 (source transactions, compteur 1, transactions 259)
2026-10-01 18:41:01 [INFO] Borne 192.168.2.10:5205 - compteurs du musee
2026-10-01 18:41:01 [INFO]   511 VISITES MUSEE E=105682 S=0
2026-10-01 18:41:01 [INFO]   512 ENTREE MUSEE E=105682 S=0
2026-10-01 18:41:01 [INFO]   1208 TRI-MUS-55   E=26071 S=0
2026-10-01 18:41:01 [INFO]   1209 TRI-MUS-56   E=53232 S=0
2026-10-01 18:41:02 [INFO]   1210 TRI-MUS-57   E=26379 S=0
2026-10-01 18:41:02 [INFO]   1040 PDA.3.11     E=0 S=0
2026-10-01 18:41:02 [INFO]   transactions 18:26:01 -> 18:41:01 : 2 lues en 1 page(s), 0 au musee
2026-10-01 18:41:02 [INFO] Dialogue borne : 0.9 s
2026-10-01 18:41:02 [INFO] Visiteurs du 2026-10-01 : 259 (source transactions, compteur 1, transactions 259)
2026-10-01 18:46:01 [INFO] Borne 192.168.2.10:5205 - compteurs du musee
2026-10-01 18:46:01 [INFO]   511 VISITES MUSEE E=105682 S=0
2026-10-01 18:46:01 [INFO]   512 ENTREE MUSEE E=105682 S=0
2026-10-01 18:46:02 [INFO]   1208 TRI-MUS-55   E=26071 S=0
2026-10-01 18:46:02 [INFO]   1209 TRI-MUS-56   E=53232 S=0
2026-10-01 18:46:02 [INFO]   1210 TRI-MUS-57   E=26379 S=0
2026-10-01 18:46:02 [INFO]   1040 PDA.3.11     E=0 S=0
2026-10-01 18:46:02 [INFO]   transactions 18:31:01 -> 18:46:01 : 2 lues en 1 page(s), 0 au musee
2026-10-01 18:46:02 [INFO] Dialogue borne : 0.9 s
2026-10-01 18:46:02 [INFO] Visiteurs du 2026-10-01 : 259 (source transactions, compteur 1, transactions 259)
2026-10-01 18:51:01 [INFO] Borne 192.168.2.10:5205 - compteurs du musee
2026-10-01 18:51:01 [INFO]   511 VISITES MUSEE E=105682 S=0
2026-10-01 18:51:01 [INFO]   512 ENTREE MUSEE E=105682 S=0
2026-10-01 18:51:02 [INFO]   1208 TRI-MUS-55   E=26071 S=0
2026-10-01 18:51:02 [INFO]   1209 TRI-MUS-56   E=53232 S=0
2026-10-01 18:51:02 [INFO]   1210 TRI-MUS-57   E=26379 S=0
2026-10-01 18:51:02 [INFO]   1040 PDA.3.11     E=0 S=0
2026-10-01 18:51:02 [INFO]   transactions 18:36:01 -> 18:51:01 : 2 lues en 1 page(s), 0 au musee
2026-10-01 18:51:02 [INFO] Dialogue borne : 0.9 s
2026-10-01 18:51:02 [INFO] Visiteurs du 2026-10-01 : 259 (source transactions, compteur 1, transactions 259)
2026-10-01 18:56:01 [INFO] Borne 192.168.2.10:5205 - compteurs du musee
2026-10-01 18:56:02 [INFO]   511 VISITES MUSEE E=105682 S=0
2026-10-01 18:56:02 [INFO]   512 ENTREE MUSEE E=105682 S=0
2026-10-01 18:56:02 [INFO]   1208 TRI-MUS-55   E=26071 S=0
2026-10-01 18:56:02 [INFO]   1209 TRI-MUS-56   E=53232 S=0
2026-10-01 18:56:02 [INFO]   1210 TRI-MUS-57   E=26379 S=0
2026-10-01 18:56:02 [INFO]   1040 PDA.3.11     E=0 S=0
2026-10-01 18:56:02 [INFO]   transactions 18:41:01 -> 18:56:01 : 0 lues en 1 page(s), 0 au musee
2026-10-01 18:56:02 [INFO] Dialogue borne : 1.0 s
2026-10-01 18:56:02 [INFO] Visiteurs du 2026-10-01 : 259 (source transactions, compteur 1, transactions 259)
2026-10-01 19:01:01 [INFO] Borne 192.168.2.10:5205 - compteurs du musee
2026-10-01 19:01:01 [INFO]   511 VISITES MUSEE E=105682 S=0
2026-10-01 19:01:01 [INFO]   512 ENTREE MUSEE E=105682 S=0
2026-10-01 19:01:01 [INFO]   1208 TRI-MUS-55   E=26071 S=0
2026-10-01 19:01:01 [INFO]   1209 TRI-MUS-56   E=53232 S=0
2026-10-01 19:01:01 [INFO]   1210 TRI-MUS-57   E=26379 S=0
2026-10-01 19:01:01 [INFO]   1040 PDA.3.11     E=0 S=0
2026-10-01 19:01:02 [INFO]   transactions 18:46:01 -> 19:01:01 : 0 lues en 1 page(s), 0 au musee
2026-10-01 19:01:02 [INFO] Dialogue borne : 0.8 s
2026-10-01 19:01:02 [INFO] Visiteurs du 2026-10-01 : 259 (source transactions, compteur 1, transactions 259)
2026-10-01 19:06:01 [INFO] Borne 192.168.2.10:5205 - compteurs du musee
2026-10-01 19:06:01 [INFO]   511 VISITES MUSEE E=105682 S=0
2026-10-01 19:06:01 [INFO]   512 ENTREE MUSEE E=105682 S=0
2026-10-01 19:06:01 [INFO]   1208 TRI-MUS-55   E=26071 S=0
2026-10-01 19:06:01 [INFO]   1209 TRI-MUS-56   E=53232 S=0
2026-10-01 19:06:01 [INFO]   1210 TRI-MUS-57   E=26379 S=0
2026-10-01 19:06:01 [INFO]   1040 PDA.3.11     E=0 S=0
2026-10-01 19:06:02 [INFO]   transactions 18:51:01 -> 19:06:01 : 1 lues en 1 page(s), 0 au musee
2026-10-01 19:06:02 [INFO] Dialogue borne : 0.8 s
2026-10-01 19:06:02 [INFO] Visiteurs du 2026-10-01 : 259 (source transactions, compteur 1, transactions 259)
2026-10-01 19:11:01 [INFO] Borne 192.168.2.10:5205 - compteurs du musee
2026-10-01 19:11:01 [INFO]   511 VISITES MUSEE E=105682 S=0
2026-10-01 19:11:01 [INFO]   512 ENTREE MUSEE E=105682 S=0
2026-10-01 19:11:01 [INFO]   1208 TRI-MUS-55   E=26071 S=0
2026-10-01 19:11:01 [INFO]   1209 TRI-MUS-56   E=53232 S=0
2026-10-01 19:11:01 [INFO]   1210 TRI-MUS-57   E=26379 S=0
2026-10-01 19:11:02 [INFO]   1040 PDA.3.11     E=0 S=0
2026-10-01 19:11:02 [INFO]   transactions 18:56:01 -> 19:11:01 : 1 lues en 1 page(s), 0 au musee
2026-10-01 19:11:02 [INFO] Dialogue borne : 0.8 s
2026-10-01 19:11:02 [INFO] Visiteurs du 2026-10-01 : 259 (source transactions, compteur 1, transactions 259)
2026-10-01 19:16:01 [INFO] Borne 192.168.2.10:5205 - compteurs du musee
2026-10-01 19:16:01 [INFO]   511 VISITES MUSEE E=105682 S=0
2026-10-01 19:16:01 [INFO]   512 ENTREE MUSEE E=105682 S=0
2026-10-01 19:16:01 [INFO]   1208 TRI-MUS-55   E=26071 S=0
2026-10-01 19:16:02 [INFO]   1209 TRI-MUS-56   E=53232 S=0
2026-10-01 19:16:02 [INFO]   1210 TRI-MUS-57   E=26379 S=0
2026-10-01 19:16:02 [INFO]   1040 PDA.3.11     E=0 S=0
2026-10-01 19:16:02 [INFO]   transactions 19:01:01 -> 19:16:01 : 1 lues en 1 page(s), 0 au musee
2026-10-01 19:16:02 [INFO] Dialogue borne : 0.9 s
2026-10-01 19:16:02 [INFO] Visiteurs du 2026-10-01 : 259 (source transactions, compteur 1, transactions 259)
2026-10-01 19:21:01 [INFO] Borne 192.168.2.10:5205 - compteurs du musee
2026-10-01 19:21:01 [INFO]   511 VISITES MUSEE E=105682 S=0
2026-10-01 19:21:01 [INFO]   512 ENTREE MUSEE E=105682 S=0
2026-10-01 19:21:02 [INFO]   1208 TRI-MUS-55   E=26071 S=0
2026-10-01 19:21:02 [INFO]   1209 TRI-MUS-56   E=53232 S=0
2026-10-01 19:21:02 [INFO]   1210 TRI-MUS-57   E=26379 S=0
2026-10-01 19:21:02 [INFO]   1040 PDA.3.11     E=0 S=0
2026-10-01 19:21:02 [INFO]   transactions 19:06:01 -> 19:21:01 : 0 lues en 1 page(s), 0 au musee
2026-10-01 19:21:02 [INFO] Dialogue borne : 0.9 s
2026-10-01 19:21:02 [INFO] Visiteurs du 2026-10-01 : 259 (source transactions, compteur 1, transactions 259)
2026-10-01 19:26:01 [INFO] Borne 192.168.2.10:5205 - compteurs du musee
2026-10-01 19:26:01 [INFO]   511 VISITES MUSEE E=105682 S=0
2026-10-01 19:26:02 [INFO]   512 ENTREE MUSEE E=105682 S=0
2026-10-01 19:26:02 [INFO]   1208 TRI-MUS-55   E=26071 S=0
2026-10-01 19:26:02 [INFO]   1209 TRI-MUS-56   E=53232 S=0
2026-10-01 19:26:02 [INFO]   1210 TRI-MUS-57   E=26379 S=0
2026-10-01 19:26:02 [INFO]   1040 PDA.3.11     E=0 S=0
2026-10-01 19:26:02 [INFO]   transactions 19:11:01 -> 19:26:01 : 0 lues en 1 page(s), 0 au musee
2026-10-01 19:26:02 [INFO] Dialogue borne : 0.9 s
2026-10-01 19:26:02 [INFO] Visiteurs du 2026-10-01 : 259 (source transactions, compteur 1, transactions 259)
2026-10-01 19:31:01 [INFO] Borne 192.168.2.10:5205 - compteurs du musee
2026-10-01 19:31:01 [INFO]   511 VISITES MUSEE E=105682 S=0
2026-10-01 19:31:01 [INFO]   512 ENTREE MUSEE E=105682 S=0
2026-10-01 19:31:01 [INFO]   1208 TRI-MUS-55   E=26071 S=0
2026-10-01 19:31:01 [INFO]   1209 TRI-MUS-56   E=53232 S=0
2026-10-01 19:31:01 [INFO]   1210 TRI-MUS-57   E=26379 S=0
2026-10-01 19:31:01 [INFO]   1040 PDA.3.11     E=0 S=0
2026-10-01 19:31:02 [INFO]   transactions 19:16:01 -> 19:31:01 : 0 lues en 1 page(s), 0 au musee
2026-10-01 19:31:02 [INFO] Dialogue borne : 0.8 s
2026-10-01 19:31:02 [INFO] Visiteurs du 2026-10-01 : 259 (source transactions, compteur 1, transactions 259)
2026-10-01 19:36:01 [INFO] Borne 192.168.2.10:5205 - compteurs du musee
2026-10-01 19:36:01 [INFO]   511 VISITES MUSEE E=105682 S=0
2026-10-01 19:36:01 [INFO]   512 ENTREE MUSEE E=105682 S=0
2026-10-01 19:36:01 [INFO]   1208 TRI-MUS-55   E=26071 S=0
2026-10-01 19:36:02 [INFO]   1209 TRI-MUS-56   E=53232 S=0
2026-10-01 19:36:02 [INFO]   1210 TRI-MUS-57   E=26379 S=0
2026-10-01 19:36:02 [INFO]   1040 PDA.3.11     E=0 S=0
2026-10-01 19:36:02 [INFO]   transactions 19:21:01 -> 19:36:01 : 0 lues en 1 page(s), 0 au musee
2026-10-01 19:36:02 [INFO] Dialogue borne : 0.9 s
2026-10-01 19:36:02 [INFO] Visiteurs du 2026-10-01 : 259 (source transactions, compteur 1, transactions 259)
2026-10-01 19:41:01 [INFO] Borne 192.168.2.10:5205 - compteurs du musee
2026-10-01 19:41:01 [INFO]   511 VISITES MUSEE E=105682 S=0
2026-10-01 19:41:02 [INFO]   512 ENTREE MUSEE E=105682 S=0
2026-10-01 19:41:02 [INFO]   1208 TRI-MUS-55   E=26071 S=0
2026-10-01 19:41:02 [INFO]   1209 TRI-MUS-56   E=53232 S=0
2026-10-01 19:41:02 [INFO]   1210 TRI-MUS-57   E=26379 S=0
2026-10-01 19:41:02 [INFO]   1040 PDA.3.11     E=0 S=0
2026-10-01 19:41:02 [INFO]   transactions 19:26:01 -> 19:41:01 : 0 lues en 1 page(s), 0 au musee
2026-10-01 19:41:02 [INFO] Dialogue borne : 0.9 s
2026-10-01 19:41:02 [INFO] Visiteurs du 2026-10-01 : 259 (source transactions, compteur 1, transactions 259)
2026-10-01 19:46:01 [INFO] Borne 192.168.2.10:5205 - compteurs du musee
2026-10-01 19:46:01 [INFO]   511 VISITES MUSEE E=105682 S=0
2026-10-01 19:46:01 [INFO]   512 ENTREE MUSEE E=105682 S=0
2026-10-01 19:46:01 [INFO]   1208 TRI-MUS-55   E=26071 S=0
2026-10-01 19:46:01 [INFO]   1209 TRI-MUS-56   E=53232 S=0
2026-10-01 19:46:01 [INFO]   1210 TRI-MUS-57   E=26379 S=0
2026-10-01 19:46:01 [INFO]   1040 PDA.3.11     E=0 S=0
2026-10-01 19:46:02 [INFO]   transactions 19:31:01 -> 19:46:01 : 0 lues en 1 page(s), 0 au musee
2026-10-01 19:46:02 [INFO] Dialogue borne : 0.7 s
2026-10-01 19:46:02 [INFO] Visiteurs du 2026-10-01 : 259 (source transactions, compteur 1, transactions 259)
2026-10-01 19:51:01 [INFO] Borne 192.168.2.10:5205 - compteurs du musee
2026-10-01 19:51:01 [INFO]   511 VISITES MUSEE E=105682 S=0
2026-10-01 19:51:01 [INFO]   512 ENTREE MUSEE E=105682 S=0
2026-10-01 19:51:01 [INFO]   1208 TRI-MUS-55   E=26071 S=0
2026-10-01 19:51:01 [INFO]   1209 TRI-MUS-56   E=53232 S=0
2026-10-01 19:51:02 [INFO]   1210 TRI-MUS-57   E=26379 S=0
2026-10-01 19:51:02 [INFO]   1040 PDA.3.11     E=0 S=0
2026-10-01 19:51:02 [INFO]   transactions 19:36:01 -> 19:51:01 : 0 lues en 1 page(s), 0 au musee
2026-10-01 19:51:02 [INFO] Dialogue borne : 0.8 s
2026-10-01 19:51:02 [INFO] Visiteurs du 2026-10-01 : 259 (source transactions, compteur 1, transactions 259)
2026-10-01 19:56:01 [INFO] Borne 192.168.2.10:5205 - compteurs du musee
2026-10-01 19:56:01 [INFO]   511 VISITES MUSEE E=105682 S=0
2026-10-01 19:56:01 [INFO]   512 ENTREE MUSEE E=105682 S=0
2026-10-01 19:56:02 [INFO]   1208 TRI-MUS-55   E=26071 S=0
2026-10-01 19:56:02 [INFO]   1209 TRI-MUS-56   E=53232 S=0
2026-10-01 19:56:02 [INFO]   1210 TRI-MUS-57   E=26379 S=0
2026-10-01 19:56:02 [INFO]   1040 PDA.3.11     E=0 S=0
2026-10-01 19:56:02 [INFO]   transactions 19:41:01 -> 19:56:01 : 0 lues en 1 page(s), 0 au musee
2026-10-01 19:56:02 [INFO] Dialogue borne : 0.9 s
2026-10-01 19:56:02 [INFO] Visiteurs du 2026-10-01 : 259 (source transactions, compteur 1, transactions 259)
2026-10-01 20:01:01 [INFO] Borne 192.168.2.10:5205 - compteurs du musee
2026-10-01 20:01:02 [INFO]   511 VISITES MUSEE E=105682 S=0
2026-10-01 20:01:02 [INFO]   512 ENTREE MUSEE E=105682 S=0
2026-10-01 20:01:02 [INFO]   1208 TRI-MUS-55   E=26071 S=0
2026-10-01 20:01:02 [INFO]   1209 TRI-MUS-56   E=53232 S=0
2026-10-01 20:01:02 [INFO]   1210 TRI-MUS-57   E=26379 S=0
2026-10-01 20:01:02 [INFO]   1040 PDA.3.11     E=0 S=0
2026-10-01 20:01:02 [INFO]   transactions 19:46:01 -> 20:01:01 : 0 lues en 1 page(s), 0 au musee
2026-10-01 20:01:02 [INFO] Dialogue borne : 1.0 s
2026-10-01 20:01:02 [INFO] Visiteurs du 2026-10-01 : 259 (source transactions, compteur 1, transactions 259)
2026-10-01 20:06:01 [INFO] Borne 192.168.2.10:5205 - compteurs du musee
2026-10-01 20:06:01 [INFO]   511 VISITES MUSEE E=105682 S=0
2026-10-01 20:06:01 [INFO]   512 ENTREE MUSEE E=105682 S=0
2026-10-01 20:06:02 [INFO]   1208 TRI-MUS-55   E=26071 S=0
2026-10-01 20:06:02 [INFO]   1209 TRI-MUS-56   E=53232 S=0
2026-10-01 20:06:02 [INFO]   1210 TRI-MUS-57   E=26379 S=0
2026-10-01 20:06:02 [INFO]   1040 PDA.3.11     E=0 S=0
2026-10-01 20:06:02 [INFO]   transactions 19:51:01 -> 20:06:01 : 0 lues en 1 page(s), 0 au musee
2026-10-01 20:06:02 [INFO] Dialogue borne : 0.9 s
2026-10-01 20:06:02 [INFO] Visiteurs du 2026-10-01 : 259 (source transactions, compteur 1, transactions 259)
2026-10-01 20:11:01 [INFO] Borne 192.168.2.10:5205 - compteurs du musee
2026-10-01 20:11:01 [INFO]   511 VISITES MUSEE E=105682 S=0
2026-10-01 20:11:01 [INFO]   512 ENTREE MUSEE E=105682 S=0
2026-10-01 20:11:01 [INFO]   1208 TRI-MUS-55   E=26071 S=0
2026-10-01 20:11:01 [INFO]   1209 TRI-MUS-56   E=53232 S=0
2026-10-01 20:11:01 [INFO]   1210 TRI-MUS-57   E=26379 S=0
2026-10-01 20:11:02 [INFO]   1040 PDA.3.11     E=0 S=0
2026-10-01 20:11:02 [INFO]   transactions 19:56:01 -> 20:11:01 : 0 lues en 1 page(s), 0 au musee
2026-10-01 20:11:02 [INFO] Dialogue borne : 0.8 s
2026-10-01 20:11:02 [INFO] Visiteurs du 2026-10-01 : 259 (source transactions, compteur 1, transactions 259)
2026-10-01 20:16:01 [INFO] Borne 192.168.2.10:5205 - compteurs du musee
2026-10-01 20:16:02 [INFO]   511 VISITES MUSEE E=105682 S=0
2026-10-01 20:16:02 [INFO]   512 ENTREE MUSEE E=105682 S=0
2026-10-01 20:16:02 [INFO]   1208 TRI-MUS-55   E=26071 S=0
2026-10-01 20:16:02 [INFO]   1209 TRI-MUS-56   E=53232 S=0
2026-10-01 20:16:02 [INFO]   1210 TRI-MUS-57   E=26379 S=0
2026-10-01 20:16:02 [INFO]   1040 PDA.3.11     E=0 S=0
2026-10-01 20:16:02 [INFO]   transactions 20:01:01 -> 20:16:01 : 0 lues en 1 page(s), 0 au musee
2026-10-01 20:16:02 [INFO] Dialogue borne : 1.0 s
2026-10-01 20:16:02 [INFO] Visiteurs du 2026-10-01 : 259 (source transactions, compteur 1, transactions 259)
2026-10-01 20:21:01 [INFO] Borne 192.168.2.10:5205 - compteurs du musee
2026-10-01 20:21:01 [INFO]   511 VISITES MUSEE E=105682 S=0
2026-10-01 20:21:01 [INFO]   512 ENTREE MUSEE E=105682 S=0
2026-10-01 20:21:01 [INFO]   1208 TRI-MUS-55   E=26071 S=0
2026-10-01 20:21:01 [INFO]   1209 TRI-MUS-56   E=53232 S=0
2026-10-01 20:21:01 [INFO]   1210 TRI-MUS-57   E=26379 S=0
2026-10-01 20:21:02 [INFO]   1040 PDA.3.11     E=0 S=0
2026-10-01 20:21:02 [INFO]   transactions 20:06:01 -> 20:21:01 : 0 lues en 1 page(s), 0 au musee
2026-10-01 20:21:02 [INFO] Dialogue borne : 0.8 s
2026-10-01 20:21:02 [INFO] Visiteurs du 2026-10-01 : 259 (source transactions, compteur 1, transactions 259)
2026-10-01 20:26:01 [INFO] Borne 192.168.2.10:5205 - compteurs du musee
2026-10-01 20:26:02 [INFO]   511 VISITES MUSEE E=105682 S=0
2026-10-01 20:26:02 [INFO]   512 ENTREE MUSEE E=105682 S=0
2026-10-01 20:26:02 [INFO]   1208 TRI-MUS-55   E=26071 S=0
2026-10-01 20:26:02 [INFO]   1209 TRI-MUS-56   E=53232 S=0
2026-10-01 20:26:02 [INFO]   1210 TRI-MUS-57   E=26379 S=0
2026-10-01 20:26:02 [INFO]   1040 PDA.3.11     E=0 S=0
2026-10-01 20:26:02 [INFO]   transactions 20:11:01 -> 20:26:01 : 0 lues en 1 page(s), 0 au musee
2026-10-01 20:26:02 [INFO] Dialogue borne : 1.0 s
2026-10-01 20:26:02 [INFO] Visiteurs du 2026-10-01 : 259 (source transactions, compteur 1, transactions 259)
2026-10-01 20:31:01 [INFO] Borne 192.168.2.10:5205 - compteurs du musee
2026-10-01 20:31:01 [INFO]   511 VISITES MUSEE E=105682 S=0
2026-10-01 20:31:01 [INFO]   512 ENTREE MUSEE E=105682 S=0
2026-10-01 20:31:01 [INFO]   1208 TRI-MUS-55   E=26071 S=0
2026-10-01 20:31:01 [INFO]   1209 TRI-MUS-56   E=53232 S=0
2026-10-01 20:31:01 [INFO]   1210 TRI-MUS-57   E=26379 S=0
2026-10-01 20:31:01 [INFO]   1040 PDA.3.11     E=0 S=0
2026-10-01 20:31:02 [INFO]   transactions 20:16:01 -> 20:31:01 : 0 lues en 1 page(s), 0 au musee
2026-10-01 20:31:02 [INFO] Dialogue borne : 0.8 s
2026-10-01 20:31:02 [INFO] Visiteurs du 2026-10-01 : 259 (source transactions, compteur 1, transactions 259)
2026-10-01 20:36:01 [INFO] Borne 192.168.2.10:5205 - compteurs du musee
2026-10-01 20:36:01 [INFO]   511 VISITES MUSEE E=105682 S=0
2026-10-01 20:36:01 [INFO]   512 ENTREE MUSEE E=105682 S=0
2026-10-01 20:36:01 [INFO]   1208 TRI-MUS-55   E=26071 S=0
2026-10-01 20:36:01 [INFO]   1209 TRI-MUS-56   E=53232 S=0
2026-10-01 20:36:02 [INFO]   1210 TRI-MUS-57   E=26379 S=0
2026-10-01 20:36:02 [INFO]   1040 PDA.3.11     E=0 S=0
2026-10-01 20:36:02 [INFO]   transactions 20:21:01 -> 20:36:01 : 0 lues en 1 page(s), 0 au musee
2026-10-01 20:36:02 [INFO] Dialogue borne : 0.8 s
2026-10-01 20:36:02 [INFO] Visiteurs du 2026-10-01 : 259 (source transactions, compteur 1, transactions 259)
2026-10-01 20:41:01 [INFO] Borne 192.168.2.10:5205 - compteurs du musee
2026-10-01 20:41:01 [INFO]   511 VISITES MUSEE E=105682 S=0
2026-10-01 20:41:01 [INFO]   512 ENTREE MUSEE E=105682 S=0
2026-10-01 20:41:01 [INFO]   1208 TRI-MUS-55   E=26071 S=0
2026-10-01 20:41:01 [INFO]   1209 TRI-MUS-56   E=53232 S=0
2026-10-01 20:41:02 [INFO]   1210 TRI-MUS-57   E=26379 S=0
2026-10-01 20:41:02 [INFO]   1040 PDA.3.11     E=0 S=0
2026-10-01 20:41:02 [INFO]   transactions 20:26:01 -> 20:41:01 : 0 lues en 1 page(s), 0 au musee
2026-10-01 20:41:02 [INFO] Dialogue borne : 0.8 s
2026-10-01 20:41:02 [INFO] Visiteurs du 2026-10-01 : 259 (source transactions, compteur 1, transactions 259)
2026-10-01 20:46:01 [INFO] Borne 192.168.2.10:5205 - compteurs du musee
2026-10-01 20:46:01 [INFO]   511 VISITES MUSEE E=105682 S=0
2026-10-01 20:46:01 [INFO]   512 ENTREE MUSEE E=105682 S=0
2026-10-01 20:46:01 [INFO]   1208 TRI-MUS-55   E=26071 S=0
2026-10-01 20:46:01 [INFO]   1209 TRI-MUS-56   E=53232 S=0
2026-10-01 20:46:01 [INFO]   1210 TRI-MUS-57   E=26379 S=0
2026-10-01 20:46:02 [INFO]   1040 PDA.3.11     E=0 S=0
2026-10-01 20:46:02 [INFO]   transactions 20:31:01 -> 20:46:01 : 0 lues en 1 page(s), 0 au musee
2026-10-01 20:46:02 [INFO] Dialogue borne : 0.8 s
2026-10-01 20:46:02 [INFO] Visiteurs du 2026-10-01 : 259 (source transactions, compteur 1, transactions 259)
2026-10-01 20:51:01 [INFO] Borne 192.168.2.10:5205 - compteurs du musee
2026-10-01 20:51:02 [INFO]   511 VISITES MUSEE E=105682 S=0
2026-10-01 20:51:02 [INFO]   512 ENTREE MUSEE E=105682 S=0
2026-10-01 20:51:02 [INFO]   1208 TRI-MUS-55   E=26071 S=0
2026-10-01 20:51:02 [INFO]   1209 TRI-MUS-56   E=53232 S=0
2026-10-01 20:51:02 [INFO]   1210 TRI-MUS-57   E=26379 S=0
2026-10-01 20:51:02 [INFO]   1040 PDA.3.11     E=0 S=0
2026-10-01 20:51:02 [INFO]   transactions 20:36:01 -> 20:51:01 : 0 lues en 1 page(s), 0 au musee
2026-10-01 20:51:02 [INFO] Dialogue borne : 1.0 s
2026-10-01 20:51:02 [INFO] Visiteurs du 2026-10-01 : 259 (source transactions, compteur 1, transactions 259)
2026-10-01 20:56:01 [INFO] Borne 192.168.2.10:5205 - compteurs du musee
2026-10-01 20:56:01 [INFO]   511 VISITES MUSEE E=105682 S=0
2026-10-01 20:56:02 [INFO]   512 ENTREE MUSEE E=105682 S=0
2026-10-01 20:56:02 [INFO]   1208 TRI-MUS-55   E=26071 S=0
2026-10-01 20:56:02 [INFO]   1209 TRI-MUS-56   E=53232 S=0
2026-10-01 20:56:02 [INFO]   1210 TRI-MUS-57   E=26379 S=0
2026-10-01 20:56:02 [INFO]   1040 PDA.3.11     E=0 S=0
2026-10-01 20:56:02 [INFO]   transactions 20:41:01 -> 20:56:01 : 0 lues en 1 page(s), 0 au musee
2026-10-01 20:56:02 [INFO] Dialogue borne : 0.9 s
2026-10-01 20:56:02 [INFO] Visiteurs du 2026-10-01 : 259 (source transactions, compteur 1, transactions 259)
2026-10-01 21:01:01 [INFO] Borne 192.168.2.10:5205 - compteurs du musee
2026-10-01 21:01:01 [INFO]   511 VISITES MUSEE E=105682 S=0
2026-10-01 21:01:01 [INFO]   512 ENTREE MUSEE E=105682 S=0
2026-10-01 21:01:01 [INFO]   1208 TRI-MUS-55   E=26071 S=0
2026-10-01 21:01:02 [INFO]   1209 TRI-MUS-56   E=53232 S=0
2026-10-01 21:01:02 [INFO]   1210 TRI-MUS-57   E=26379 S=0
2026-10-01 21:01:02 [INFO]   1040 PDA.3.11     E=0 S=0
2026-10-01 21:01:02 [INFO]   transactions 20:46:01 -> 21:01:01 : 0 lues en 1 page(s), 0 au musee
2026-10-01 21:01:02 [INFO] Dialogue borne : 0.8 s
2026-10-01 21:01:02 [INFO] Visiteurs du 2026-10-01 : 259 (source transactions, compteur 1, transactions 259)
2026-10-01 21:06:01 [INFO] Borne 192.168.2.10:5205 - compteurs du musee
2026-10-01 21:06:01 [INFO]   511 VISITES MUSEE E=105682 S=0
2026-10-01 21:06:01 [INFO]   512 ENTREE MUSEE E=105682 S=0
2026-10-01 21:06:01 [INFO]   1208 TRI-MUS-55   E=26071 S=0
2026-10-01 21:06:01 [INFO]   1209 TRI-MUS-56   E=53232 S=0
2026-10-01 21:06:02 [INFO]   1210 TRI-MUS-57   E=26379 S=0
2026-10-01 21:06:02 [INFO]   1040 PDA.3.11     E=0 S=0
2026-10-01 21:06:02 [INFO]   transactions 20:51:01 -> 21:06:01 : 0 lues en 1 page(s), 0 au musee
2026-10-01 21:06:02 [INFO] Dialogue borne : 0.8 s
2026-10-01 21:06:02 [INFO] Visiteurs du 2026-10-01 : 259 (source transactions, compteur 1, transactions 259)
2026-10-01 21:11:01 [INFO] Borne 192.168.2.10:5205 - compteurs du musee
2026-10-01 21:11:02 [INFO]   511 VISITES MUSEE E=105682 S=0
2026-10-01 21:11:02 [INFO]   512 ENTREE MUSEE E=105682 S=0
2026-10-01 21:11:02 [INFO]   1208 TRI-MUS-55   E=26071 S=0
2026-10-01 21:11:02 [INFO]   1209 TRI-MUS-56   E=53232 S=0
2026-10-01 21:11:02 [INFO]   1210 TRI-MUS-57   E=26379 S=0
2026-10-01 21:11:02 [INFO]   1040 PDA.3.11     E=0 S=0
2026-10-01 21:11:02 [INFO]   transactions 20:56:01 -> 21:11:01 : 0 lues en 1 page(s), 0 au musee
2026-10-01 21:11:02 [INFO] Dialogue borne : 0.9 s
2026-10-01 21:11:02 [INFO] Visiteurs du 2026-10-01 : 259 (source transactions, compteur 1, transactions 259)
2026-10-01 21:16:01 [INFO] Borne 192.168.2.10:5205 - compteurs du musee
2026-10-01 21:16:01 [INFO]   511 VISITES MUSEE E=105682 S=0
2026-10-01 21:16:01 [INFO]   512 ENTREE MUSEE E=105682 S=0
2026-10-01 21:16:01 [INFO]   1208 TRI-MUS-55   E=26071 S=0
2026-10-01 21:16:01 [INFO]   1209 TRI-MUS-56   E=53232 S=0
2026-10-01 21:16:02 [INFO]   1210 TRI-MUS-57   E=26379 S=0
2026-10-01 21:16:02 [INFO]   1040 PDA.3.11     E=0 S=0
2026-10-01 21:16:02 [INFO]   transactions 21:01:01 -> 21:16:01 : 0 lues en 1 page(s), 0 au musee
2026-10-01 21:16:02 [INFO] Dialogue borne : 0.7 s
2026-10-01 21:16:02 [INFO] Visiteurs du 2026-10-01 : 259 (source transactions, compteur 1, transactions 259)
2026-10-01 21:16:39 [INFO] Borne 192.168.2.10:5205 - compteurs du musee (Area 511 VISITES MUSEE)
2026-10-01 21:16:39 [INFO]   511 VISITES MUSEE E=105682 S=0
2026-10-01 21:16:39 [INFO]   512 ENTREE MUSEE E=105682 S=0
2026-10-01 21:16:39 [INFO]   1208 TRI-MUS-55   E=26071 S=0
2026-10-01 21:16:39 [INFO]   1209 TRI-MUS-56   E=53232 S=0
2026-10-01 21:16:39 [INFO]   1210 TRI-MUS-57   E=26379 S=0
2026-10-01 21:16:39 [INFO]   1040 PDA.3.11     E=0 S=0
2026-10-01 21:16:40 [INFO]   transactions 21:06:01 -> 21:16:39 : 0 lues en 1 page(s), 0 au musee
2026-10-01 21:16:40 [INFO] Dialogue borne : 0.9 s
2026-10-01 21:16:40 [INFO] [dry-run] releve {'511': {'type': 'Area', 'nom': 'VISITES MUSEE', 'entries': 105682, 'exits': 0, 'current': 105682}, '512': {'type': 'Gate', 'nom': 'ENTREE MUSEE', 'entries': 105682, 'exits': 0, 'current': 105682}, '1208': {'type': 'Checkpoint', 'nom': 'TRI-MUS-55', 'entries': 26071, 'exits': 0, 'current': 26071}, '1209': {'type': 'Checkpoint', 'nom': 'TRI-MUS-56', 'entries': 53232, 'exits': 0, 'current': 53232}, '1210': {'type': 'Checkpoint', 'nom': 'TRI-MUS-57', 'entries': 26379, 'exits': 0, 'current': 26379}, '1040': {'type': 'Checkpoint', 'nom': 'PDA.3.11', 'entries': 0, 'exits': 0, 'current': 0}} ; 0 passages musee
2026-10-01 21:21:01 [INFO] Borne 192.168.2.10:5205 - compteurs du musee (Area 511 VISITES MUSEE)
2026-10-01 21:21:01 [INFO]   511 VISITES MUSEE E=105682 S=0
2026-10-01 21:21:02 [INFO]   512 ENTREE MUSEE E=105682 S=0
2026-10-01 21:21:02 [INFO]   1208 TRI-MUS-55   E=26071 S=0
2026-10-01 21:21:02 [INFO]   1209 TRI-MUS-56   E=53232 S=0
2026-10-01 21:21:02 [INFO]   1210 TRI-MUS-57   E=26379 S=0
2026-10-01 21:21:02 [INFO]   1040 PDA.3.11     E=0 S=0
2026-10-01 21:21:02 [INFO]   transactions 21:06:01 -> 21:21:01 : 0 lues en 1 page(s), 0 au musee
2026-10-01 21:21:02 [INFO] Dialogue borne : 0.9 s
2026-10-01 21:21:02 [INFO] Visiteurs du 2026-10-01 : 259 (source transactions, compteur 1, transactions 259)
2026-10-01 21:24:28 [INFO] Borne 192.168.2.10:5205 - compteurs du musee (Area 511 VISITES MUSEE)
2026-10-01 21:24:28 [INFO]   511 VISITES MUSEE E=105682 S=0
2026-10-01 21:24:28 [INFO]   512 ENTREE MUSEE E=105682 S=0
2026-10-01 21:24:28 [INFO]   1208 TRI-MUS-55   E=26071 S=0
2026-10-01 21:24:28 [INFO]   1209 TRI-MUS-56   E=53232 S=0
2026-10-01 21:24:28 [INFO]   1210 TRI-MUS-57   E=26379 S=0
2026-10-01 21:24:28 [INFO]   1040 PDA.3.11     E=0 S=0
2026-10-01 21:24:29 [INFO]   transactions 21:11:01 -> 21:24:28 : 0 lues en 1 page(s), 0 au musee
2026-10-01 21:24:29 [INFO] Dialogue borne : 0.9 s
2026-10-01 21:24:29 [INFO] [dry-run] releve {'511': {'type': 'Area', 'nom': 'VISITES MUSEE', 'entries': 105682, 'exits': 0, 'current': 105682}, '512': {'type': 'Gate', 'nom': 'ENTREE MUSEE', 'entries': 105682, 'exits': 0, 'current': 105682}, '1208': {'type': 'Checkpoint', 'nom': 'TRI-MUS-55', 'entries': 26071, 'exits': 0, 'current': 26071}, '1209': {'type': 'Checkpoint', 'nom': 'TRI-MUS-56', 'entries': 53232, 'exits': 0, 'current': 53232}, '1210': {'type': 'Checkpoint', 'nom': 'TRI-MUS-57', 'entries': 26379, 'exits': 0, 'current': 26379}, '1040': {'type': 'Checkpoint', 'nom': 'PDA.3.11', 'entries': 0, 'exits': 0, 'current': 0}} ; 0 passages musee
2026-10-01 21:26:01 [INFO] Borne 192.168.2.10:5205 - compteurs du musee (Area 511 VISITES MUSEE)
2026-10-01 21:26:02 [INFO]   511 VISITES MUSEE E=105682 S=0
2026-10-01 21:26:02 [INFO]   512 ENTREE MUSEE E=105682 S=0
2026-10-01 21:26:02 [INFO]   1208 TRI-MUS-55   E=26071 S=0
2026-10-01 21:26:02 [INFO]   1209 TRI-MUS-56   E=53232 S=0
2026-10-01 21:26:02 [INFO]   1210 TRI-MUS-57   E=26379 S=0
2026-10-01 21:26:02 [INFO]   1040 PDA.3.11     E=0 S=0
2026-10-01 21:26:03 [INFO]   transactions 21:11:01 -> 21:26:01 : 0 lues en 1 page(s), 0 au musee
2026-10-01 21:26:03 [INFO] Dialogue borne : 1.1 s
2026-10-01 21:26:03 [INFO] Visiteurs du 2026-10-01 : 259 (source transactions, compteur 1, transactions 259)
2026-10-01 21:31:01 [INFO] Borne 192.168.2.10:5205 - compteurs du musee (Area 511 VISITES MUSEE)
2026-10-01 21:31:01 [INFO]   511 VISITES MUSEE E=105682 S=0
2026-10-01 21:31:01 [INFO]   512 ENTREE MUSEE E=105682 S=0
2026-10-01 21:31:01 [INFO]   1208 TRI-MUS-55   E=26071 S=0
2026-10-01 21:31:01 [INFO]   1209 TRI-MUS-56   E=53232 S=0
2026-10-01 21:31:02 [INFO]   1210 TRI-MUS-57   E=26379 S=0
2026-10-01 21:31:02 [INFO]   1040 PDA.3.11     E=0 S=0
2026-10-01 21:31:02 [INFO]   transactions 21:16:01 -> 21:31:01 : 0 lues en 1 page(s), 0 au musee
2026-10-01 21:31:02 [INFO] Dialogue borne : 0.8 s
2026-10-01 21:31:02 [INFO] Visiteurs du 2026-10-01 : 259 (source transactions, compteur 1, transactions 259)
2026-10-01 21:36:01 [INFO] Borne 192.168.2.10:5205 - compteurs du musee (Area 511 VISITES MUSEE)
2026-10-01 21:36:01 [INFO]   511 VISITES MUSEE E=105682 S=0
2026-10-01 21:36:01 [INFO]   512 ENTREE MUSEE E=105682 S=0
2026-10-01 21:36:01 [INFO]   1208 TRI-MUS-55   E=26071 S=0
2026-10-01 21:36:02 [INFO]   1209 TRI-MUS-56   E=53232 S=0
2026-10-01 21:36:02 [INFO]   1210 TRI-MUS-57   E=26379 S=0
2026-10-01 21:36:02 [INFO]   1040 PDA.3.11     E=0 S=0
2026-10-01 21:36:02 [INFO]   transactions 21:21:01 -> 21:36:01 : 0 lues en 1 page(s), 0 au musee
2026-10-01 21:36:02 [INFO] Dialogue borne : 0.9 s
2026-10-01 21:36:02 [INFO] Visiteurs du 2026-10-01 : 259 (source transactions, compteur 1, transactions 259)
2026-10-01 21:41:01 [INFO] Borne 192.168.2.10:5205 - compteurs du musee (Area 511 VISITES MUSEE)
2026-10-01 21:41:01 [INFO]   511 VISITES MUSEE E=105682 S=0
2026-10-01 21:41:02 [INFO]   512 ENTREE MUSEE E=105682 S=0
2026-10-01 21:41:02 [INFO]   1208 TRI-MUS-55   E=26071 S=0
2026-10-01 21:41:02 [INFO]   1209 TRI-MUS-56   E=53232 S=0
2026-10-01 21:41:02 [INFO]   1210 TRI-MUS-57   E=26379 S=0
2026-10-01 21:41:02 [INFO]   1040 PDA.3.11     E=0 S=0
2026-10-01 21:41:02 [INFO]   transactions 21:26:01 -> 21:41:01 : 0 lues en 1 page(s), 0 au musee
2026-10-01 21:41:02 [INFO] Dialogue borne : 0.9 s
2026-10-01 21:41:02 [INFO] Visiteurs du 2026-10-01 : 259 (source transactions, compteur 1, transactions 259)
2026-10-01 21:46:01 [INFO] Borne 192.168.2.10:5205 - compteurs du musee (Area 511 VISITES MUSEE)
2026-10-01 21:46:02 [INFO]   511 VISITES MUSEE E=105682 S=0
2026-10-01 21:46:02 [INFO]   512 ENTREE MUSEE E=105682 S=0
2026-10-01 21:46:02 [INFO]   1208 TRI-MUS-55   E=26071 S=0
2026-10-01 21:46:02 [INFO]   1209 TRI-MUS-56   E=53232 S=0
2026-10-01 21:46:02 [INFO]   1210 TRI-MUS-57   E=26379 S=0
2026-10-01 21:46:02 [INFO]   1040 PDA.3.11     E=0 S=0
2026-10-01 21:46:02 [INFO]   transactions 21:31:01 -> 21:46:01 : 0 lues en 1 page(s), 0 au musee
2026-10-01 21:46:02 [INFO] Dialogue borne : 1.0 s
2026-10-01 21:46:02 [INFO] Visiteurs du 2026-10-01 : 259 (source transactions, compteur 1, transactions 259)
2026-10-01 21:51:01 [INFO] Borne 192.168.2.10:5205 - compteurs du musee (Area 511 VISITES MUSEE)
2026-10-01 21:51:01 [INFO]   511 VISITES MUSEE E=105682 S=0
2026-10-01 21:51:01 [INFO]   512 ENTREE MUSEE E=105682 S=0
2026-10-01 21:51:01 [INFO]   1208 TRI-MUS-55   E=26071 S=0
2026-10-01 21:51:01 [INFO]   1209 TRI-MUS-56   E=53232 S=0
2026-10-01 21:51:01 [INFO]   1210 TRI-MUS-57   E=26379 S=0
2026-10-01 21:51:01 [INFO]   1040 PDA.3.11     E=0 S=0
2026-10-01 21:51:02 [INFO]   transactions 21:36:01 -> 21:51:01 : 0 lues en 1 page(s), 0 au musee
2026-10-01 21:51:02 [INFO] Dialogue borne : 0.8 s
2026-10-01 21:51:02 [INFO] Visiteurs du 2026-10-01 : 259 (source transactions, compteur 1, transactions 259)
2026-10-01 21:56:01 [INFO] Borne 192.168.2.10:5205 - compteurs du musee (Area 511 VISITES MUSEE)
2026-10-01 21:56:01 [INFO]   511 VISITES MUSEE E=105682 S=0
2026-10-01 21:56:01 [INFO]   512 ENTREE MUSEE E=105682 S=0
2026-10-01 21:56:01 [INFO]   1208 TRI-MUS-55   E=26071 S=0
2026-10-01 21:56:01 [INFO]   1209 TRI-MUS-56   E=53232 S=0
2026-10-01 21:56:01 [INFO]   1210 TRI-MUS-57   E=26379 S=0
2026-10-01 21:56:02 [INFO]   1040 PDA.3.11     E=0 S=0
2026-10-01 21:56:02 [INFO]   transactions 21:41:01 -> 21:56:01 : 0 lues en 1 page(s), 0 au musee
2026-10-01 21:56:02 [INFO] Dialogue borne : 0.8 s
2026-10-01 21:56:02 [INFO] Visiteurs du 2026-10-01 : 259 (source transactions, compteur 1, transactions 259)
2026-10-01 22:01:01 [INFO] Borne 192.168.2.10:5205 - compteurs du musee (Area 511 VISITES MUSEE)
2026-10-01 22:01:01 [INFO]   511 VISITES MUSEE E=105682 S=0
2026-10-01 22:01:01 [INFO]   512 ENTREE MUSEE E=105682 S=0
2026-10-01 22:01:01 [INFO]   1208 TRI-MUS-55   E=26071 S=0
2026-10-01 22:01:02 [INFO]   1209 TRI-MUS-56   E=53232 S=0
2026-10-01 22:01:02 [INFO]   1210 TRI-MUS-57   E=26379 S=0
2026-10-01 22:01:02 [INFO]   1040 PDA.3.11     E=0 S=0
2026-10-01 22:01:02 [INFO]   transactions 21:46:01 -> 22:01:01 : 0 lues en 1 page(s), 0 au musee
2026-10-01 22:01:02 [INFO] Dialogue borne : 0.8 s
2026-10-01 22:01:02 [INFO] Visiteurs du 2026-10-01 : 259 (source transactions, compteur 1, transactions 259)
2026-10-01 22:06:01 [INFO] Borne 192.168.2.10:5205 - compteurs du musee (Area 511 VISITES MUSEE)
2026-10-01 22:06:01 [INFO]   511 VISITES MUSEE E=105682 S=0
2026-10-01 22:06:01 [INFO]   512 ENTREE MUSEE E=105682 S=0
2026-10-01 22:06:01 [INFO]   1208 TRI-MUS-55   E=26071 S=0
2026-10-01 22:06:01 [INFO]   1209 TRI-MUS-56   E=53232 S=0
2026-10-01 22:06:01 [INFO]   1210 TRI-MUS-57   E=26379 S=0
2026-10-01 22:06:02 [INFO]   1040 PDA.3.11     E=0 S=0
2026-10-01 22:06:02 [INFO]   transactions 21:51:01 -> 22:06:01 : 0 lues en 1 page(s), 0 au musee
2026-10-01 22:06:02 [INFO] Dialogue borne : 0.8 s
2026-10-01 22:06:02 [INFO] Visiteurs du 2026-10-01 : 259 (source transactions, compteur 1, transactions 259)
2026-10-01 22:11:01 [INFO] Borne 192.168.2.10:5205 - compteurs du musee (Area 511 VISITES MUSEE)
2026-10-01 22:11:01 [INFO]   511 VISITES MUSEE E=105682 S=0
2026-10-01 22:11:01 [INFO]   512 ENTREE MUSEE E=105682 S=0
2026-10-01 22:11:01 [INFO]   1208 TRI-MUS-55   E=26071 S=0
2026-10-01 22:11:01 [INFO]   1209 TRI-MUS-56   E=53232 S=0
2026-10-01 22:11:02 [INFO]   1210 TRI-MUS-57   E=26379 S=0
2026-10-01 22:11:02 [INFO]   1040 PDA.3.11     E=0 S=0
2026-10-01 22:11:02 [INFO]   transactions 21:56:01 -> 22:11:01 : 0 lues en 1 page(s), 0 au musee
2026-10-01 22:11:02 [INFO] Dialogue borne : 0.9 s
2026-10-01 22:11:02 [INFO] Visiteurs du 2026-10-01 : 259 (source transactions, compteur 1, transactions 259)
2026-10-01 22:16:01 [INFO] Borne 192.168.2.10:5205 - compteurs du musee (Area 511 VISITES MUSEE)
2026-10-01 22:16:01 [INFO]   511 VISITES MUSEE E=105682 S=0
2026-10-01 22:16:01 [INFO]   512 ENTREE MUSEE E=105682 S=0
2026-10-01 22:16:01 [INFO]   1208 TRI-MUS-55   E=26071 S=0
2026-10-01 22:16:02 [INFO]   1209 TRI-MUS-56   E=53232 S=0
2026-10-01 22:16:02 [INFO]   1210 TRI-MUS-57   E=26379 S=0
2026-10-01 22:16:02 [INFO]   1040 PDA.3.11     E=0 S=0
2026-10-01 22:16:02 [INFO]   transactions 22:01:01 -> 22:16:01 : 0 lues en 1 page(s), 0 au musee
2026-10-01 22:16:02 [INFO] Dialogue borne : 0.8 s
2026-10-01 22:16:02 [INFO] Visiteurs du 2026-10-01 : 259 (source transactions, compteur 1, transactions 259)
2026-10-01 22:21:01 [INFO] Borne 192.168.2.10:5205 - compteurs du musee (Area 511 VISITES MUSEE)
2026-10-01 22:21:01 [INFO]   511 VISITES MUSEE E=105682 S=0
2026-10-01 22:21:02 [INFO]   512 ENTREE MUSEE E=105682 S=0
2026-10-01 22:21:02 [INFO]   1208 TRI-MUS-55   E=26071 S=0
2026-10-01 22:21:02 [INFO]   1209 TRI-MUS-56   E=53232 S=0
2026-10-01 22:21:02 [INFO]   1210 TRI-MUS-57   E=26379 S=0
2026-10-01 22:21:02 [INFO]   1040 PDA.3.11     E=0 S=0
2026-10-01 22:21:02 [INFO]   transactions 22:06:01 -> 22:21:01 : 0 lues en 1 page(s), 0 au musee
2026-10-01 22:21:02 [INFO] Dialogue borne : 0.8 s
2026-10-01 22:21:02 [INFO] Visiteurs du 2026-10-01 : 259 (source transactions, compteur 1, transactions 259)
2026-10-01 22:26:01 [INFO] Borne 192.168.2.10:5205 - compteurs du musee (Area 511 VISITES MUSEE)
2026-10-01 22:26:02 [INFO]   511 VISITES MUSEE E=105682 S=0
2026-10-01 22:26:02 [INFO]   512 ENTREE MUSEE E=105682 S=0
2026-10-01 22:26:02 [INFO]   1208 TRI-MUS-55   E=26071 S=0
2026-10-01 22:26:02 [INFO]   1209 TRI-MUS-56   E=53232 S=0
2026-10-01 22:26:02 [INFO]   1210 TRI-MUS-57   E=26379 S=0
2026-10-01 22:26:02 [INFO]   1040 PDA.3.11     E=0 S=0
2026-10-01 22:26:02 [INFO]   transactions 22:11:01 -> 22:26:01 : 0 lues en 1 page(s), 0 au musee
2026-10-01 22:26:02 [INFO] Dialogue borne : 0.9 s
2026-10-01 22:26:02 [INFO] Visiteurs du 2026-10-01 : 259 (source transactions, compteur 1, transactions 259)
2026-10-01 22:31:01 [INFO] Borne 192.168.2.10:5205 - compteurs du musee (Area 511 VISITES MUSEE)
2026-10-01 22:31:02 [INFO]   511 VISITES MUSEE E=105682 S=0
2026-10-01 22:31:02 [INFO]   512 ENTREE MUSEE E=105682 S=0
2026-10-01 22:31:02 [INFO]   1208 TRI-MUS-55   E=26071 S=0
2026-10-01 22:31:02 [INFO]   1209 TRI-MUS-56   E=53232 S=0
2026-10-01 22:31:02 [INFO]   1210 TRI-MUS-57   E=26379 S=0
2026-10-01 22:31:02 [INFO]   1040 PDA.3.11     E=0 S=0
2026-10-01 22:31:02 [INFO]   transactions 22:16:01 -> 22:31:01 : 0 lues en 1 page(s), 0 au musee
2026-10-01 22:31:02 [INFO] Dialogue borne : 1.0 s
2026-10-01 22:31:02 [INFO] Visiteurs du 2026-10-01 : 259 (source transactions, compteur 1, transactions 259)
2026-10-01 22:36:01 [INFO] Borne 192.168.2.10:5205 - compteurs du musee (Area 511 VISITES MUSEE)
2026-10-01 22:36:01 [INFO]   511 VISITES MUSEE E=105682 S=0
2026-10-01 22:36:01 [INFO]   512 ENTREE MUSEE E=105682 S=0
2026-10-01 22:36:01 [INFO]   1208 TRI-MUS-55   E=26071 S=0
2026-10-01 22:36:01 [INFO]   1209 TRI-MUS-56   E=53232 S=0
2026-10-01 22:36:01 [INFO]   1210 TRI-MUS-57   E=26379 S=0
2026-10-01 22:36:02 [INFO]   1040 PDA.3.11     E=0 S=0
2026-10-01 22:36:02 [INFO]   transactions 22:21:01 -> 22:36:01 : 0 lues en 1 page(s), 0 au musee
2026-10-01 22:36:02 [INFO] Dialogue borne : 0.8 s
2026-10-01 22:36:02 [INFO] Visiteurs du 2026-10-01 : 259 (source transactions, compteur 1, transactions 259)
2026-10-01 22:41:01 [INFO] Borne 192.168.2.10:5205 - compteurs du musee (Area 511 VISITES MUSEE)
2026-10-01 22:41:01 [INFO]   511 VISITES MUSEE E=105682 S=0
2026-10-01 22:41:01 [INFO]   512 ENTREE MUSEE E=105682 S=0
2026-10-01 22:41:01 [INFO]   1208 TRI-MUS-55   E=26071 S=0
2026-10-01 22:41:02 [INFO]   1209 TRI-MUS-56   E=53232 S=0
2026-10-01 22:41:02 [INFO]   1210 TRI-MUS-57   E=26379 S=0
2026-10-01 22:41:02 [INFO]   1040 PDA.3.11     E=0 S=0
2026-10-01 22:41:02 [INFO]   transactions 22:26:01 -> 22:41:01 : 0 lues en 1 page(s), 0 au musee
2026-10-01 22:41:02 [INFO] Dialogue borne : 0.8 s
2026-10-01 22:41:02 [INFO] Visiteurs du 2026-10-01 : 259 (source transactions, compteur 1, transactions 259)
2026-10-01 22:46:01 [INFO] Borne 192.168.2.10:5205 - compteurs du musee (Area 511 VISITES MUSEE)
2026-10-01 22:46:01 [INFO]   511 VISITES MUSEE E=105682 S=0
2026-10-01 22:46:01 [INFO]   512 ENTREE MUSEE E=105682 S=0
2026-10-01 22:46:02 [INFO]   1208 TRI-MUS-55   E=26071 S=0
2026-10-01 22:46:02 [INFO]   1209 TRI-MUS-56   E=53232 S=0
2026-10-01 22:46:02 [INFO]   1210 TRI-MUS-57   E=26379 S=0
2026-10-01 22:46:02 [INFO]   1040 PDA.3.11     E=0 S=0
2026-10-01 22:46:02 [INFO]   transactions 22:31:01 -> 22:46:01 : 0 lues en 1 page(s), 0 au musee
2026-10-01 22:46:02 [INFO] Dialogue borne : 0.8 s
2026-10-01 22:46:02 [INFO] Visiteurs du 2026-10-01 : 259 (source transactions, compteur 1, transactions 259)
2026-10-01 22:51:01 [INFO] Borne 192.168.2.10:5205 - compteurs du musee (Area 511 VISITES MUSEE)
2026-10-01 22:51:01 [INFO]   511 VISITES MUSEE E=105682 S=0
2026-10-01 22:51:01 [INFO]   512 ENTREE MUSEE E=105682 S=0
2026-10-01 22:51:02 [INFO]   1208 TRI-MUS-55   E=26071 S=0
2026-10-01 22:51:02 [INFO]   1209 TRI-MUS-56   E=53232 S=0
2026-10-01 22:51:02 [INFO]   1210 TRI-MUS-57   E=26379 S=0
2026-10-01 22:51:02 [INFO]   1040 PDA.3.11     E=0 S=0
2026-10-01 22:51:02 [INFO]   transactions 22:36:01 -> 22:51:01 : 0 lues en 1 page(s), 0 au musee
2026-10-01 22:51:02 [INFO] Dialogue borne : 0.9 s
2026-10-01 22:51:02 [INFO] Visiteurs du 2026-10-01 : 259 (source transactions, compteur 1, transactions 259)
2026-10-01 22:56:01 [INFO] Borne 192.168.2.10:5205 - compteurs du musee (Area 511 VISITES MUSEE)
2026-10-01 22:56:02 [INFO]   511 VISITES MUSEE E=105682 S=0
2026-10-01 22:56:02 [INFO]   512 ENTREE MUSEE E=105682 S=0
2026-10-01 22:56:02 [INFO]   1208 TRI-MUS-55   E=26071 S=0
2026-10-01 22:56:02 [INFO]   1209 TRI-MUS-56   E=53232 S=0
2026-10-01 22:56:02 [INFO]   1210 TRI-MUS-57   E=26379 S=0
2026-10-01 22:56:02 [INFO]   1040 PDA.3.11     E=0 S=0
2026-10-01 22:56:02 [INFO]   transactions 22:41:01 -> 22:56:01 : 0 lues en 1 page(s), 0 au musee
2026-10-01 22:56:02 [INFO] Dialogue borne : 0.9 s
2026-10-01 22:56:02 [INFO] Visiteurs du 2026-10-01 : 259 (source transactions, compteur 1, transactions 259)
2026-10-01 23:01:01 [INFO] Borne 192.168.2.10:5205 - compteurs du musee (Area 511 VISITES MUSEE)
2026-10-01 23:01:02 [INFO]   511 VISITES MUSEE E=105682 S=0
2026-10-01 23:01:02 [INFO]   512 ENTREE MUSEE E=105682 S=0
2026-10-01 23:01:02 [INFO]   1208 TRI-MUS-55   E=26071 S=0
2026-10-01 23:01:02 [INFO]   1209 TRI-MUS-56   E=53232 S=0
2026-10-01 23:01:02 [INFO]   1210 TRI-MUS-57   E=26379 S=0
2026-10-01 23:01:02 [INFO]   1040 PDA.3.11     E=0 S=0
2026-10-01 23:01:02 [INFO]   transactions 22:46:01 -> 23:01:01 : 0 lues en 1 page(s), 0 au musee
2026-10-01 23:01:02 [INFO] Dialogue borne : 0.9 s
2026-10-01 23:01:02 [INFO] Visiteurs du 2026-10-01 : 259 (source transactions, compteur 1, transactions 259)
2026-10-01 23:06:01 [INFO] Borne 192.168.2.10:5205 - compteurs du musee (Area 511 VISITES MUSEE)
2026-10-01 23:06:01 [INFO]   511 VISITES MUSEE E=105682 S=0
2026-10-01 23:06:01 [INFO]   512 ENTREE MUSEE E=105682 S=0
2026-10-01 23:06:01 [INFO]   1208 TRI-MUS-55   E=26071 S=0
2026-10-01 23:06:01 [INFO]   1209 TRI-MUS-56   E=53232 S=0
2026-10-01 23:06:01 [INFO]   1210 TRI-MUS-57   E=26379 S=0
2026-10-01 23:06:01 [INFO]   1040 PDA.3.11     E=0 S=0
2026-10-01 23:06:02 [INFO]   transactions 22:51:01 -> 23:06:01 : 0 lues en 1 page(s), 0 au musee
2026-10-01 23:06:02 [INFO] Dialogue borne : 0.7 s
2026-10-01 23:06:02 [INFO] Visiteurs du 2026-10-01 : 259 (source transactions, compteur 1, transactions 259)
2026-10-01 23:11:01 [INFO] Borne 192.168.2.10:5205 - compteurs du musee (Area 511 VISITES MUSEE)
2026-10-01 23:11:01 [INFO]   511 VISITES MUSEE E=105682 S=0
2026-10-01 23:11:01 [INFO]   512 ENTREE MUSEE E=105682 S=0
2026-10-01 23:11:01 [INFO]   1208 TRI-MUS-55   E=26071 S=0
2026-10-01 23:11:01 [INFO]   1209 TRI-MUS-56   E=53232 S=0
2026-10-01 23:11:01 [INFO]   1210 TRI-MUS-57   E=26379 S=0
2026-10-01 23:11:02 [INFO]   1040 PDA.3.11     E=0 S=0
2026-10-01 23:11:02 [INFO]   transactions 22:56:01 -> 23:11:01 : 0 lues en 1 page(s), 0 au musee
2026-10-01 23:11:02 [INFO] Dialogue borne : 0.8 s
2026-10-01 23:11:02 [INFO] Visiteurs du 2026-10-01 : 259 (source transactions, compteur 1, transactions 259)
2026-10-01 23:16:01 [INFO] Borne 192.168.2.10:5205 - compteurs du musee (Area 511 VISITES MUSEE)
2026-10-01 23:16:01 [INFO]   511 VISITES MUSEE E=105682 S=0
2026-10-01 23:16:01 [INFO]   512 ENTREE MUSEE E=105682 S=0
2026-10-01 23:16:02 [INFO]   1208 TRI-MUS-55   E=26071 S=0
2026-10-01 23:16:02 [INFO]   1209 TRI-MUS-56   E=53232 S=0
2026-10-01 23:16:02 [INFO]   1210 TRI-MUS-57   E=26379 S=0
2026-10-01 23:16:02 [INFO]   1040 PDA.3.11     E=0 S=0
2026-10-01 23:16:02 [INFO]   transactions 23:01:01 -> 23:16:01 : 0 lues en 1 page(s), 0 au musee
2026-10-01 23:16:02 [INFO] Dialogue borne : 0.9 s
2026-10-01 23:16:02 [INFO] Visiteurs du 2026-10-01 : 259 (source transactions, compteur 1, transactions 259)
2026-10-01 23:21:01 [INFO] Borne 192.168.2.10:5205 - compteurs du musee (Area 511 VISITES MUSEE)
2026-10-01 23:21:01 [INFO]   511 VISITES MUSEE E=105682 S=0
2026-10-01 23:21:02 [INFO]   512 ENTREE MUSEE E=105682 S=0
2026-10-01 23:21:02 [INFO]   1208 TRI-MUS-55   E=26071 S=0
2026-10-01 23:21:02 [INFO]   1209 TRI-MUS-56   E=53232 S=0
2026-10-01 23:21:02 [INFO]   1210 TRI-MUS-57   E=26379 S=0
2026-10-01 23:21:02 [INFO]   1040 PDA.3.11     E=0 S=0
2026-10-01 23:21:02 [INFO]   transactions 23:06:01 -> 23:21:01 : 0 lues en 1 page(s), 0 au musee
2026-10-01 23:21:02 [INFO] Dialogue borne : 0.9 s
2026-10-01 23:21:02 [INFO] Visiteurs du 2026-10-01 : 259 (source transactions, compteur 1, transactions 259)
2026-10-01 23:26:01 [INFO] Borne 192.168.2.10:5205 - compteurs du musee (Area 511 VISITES MUSEE)
2026-10-01 23:26:01 [INFO]   511 VISITES MUSEE E=105682 S=0
2026-10-01 23:26:02 [INFO]   512 ENTREE MUSEE E=105682 S=0
2026-10-01 23:26:02 [INFO]   1208 TRI-MUS-55   E=26071 S=0
2026-10-01 23:26:02 [INFO]   1209 TRI-MUS-56   E=53232 S=0
2026-10-01 23:26:02 [INFO]   1210 TRI-MUS-57   E=26379 S=0
2026-10-01 23:26:02 [INFO]   1040 PDA.3.11     E=0 S=0
2026-10-01 23:26:02 [INFO]   transactions 23:11:01 -> 23:26:01 : 0 lues en 1 page(s), 0 au musee
2026-10-01 23:26:02 [INFO] Dialogue borne : 0.9 s
2026-10-01 23:26:02 [INFO] Visiteurs du 2026-10-01 : 259 (source transactions, compteur 1, transactions 259)
2026-10-01 23:31:01 [INFO] Borne 192.168.2.10:5205 - compteurs du musee (Area 511 VISITES MUSEE)
2026-10-01 23:31:02 [INFO]   511 VISITES MUSEE E=105682 S=0
2026-10-01 23:31:02 [INFO]   512 ENTREE MUSEE E=105682 S=0
2026-10-01 23:31:02 [INFO]   1208 TRI-MUS-55   E=26071 S=0
2026-10-01 23:31:02 [INFO]   1209 TRI-MUS-56   E=53232 S=0
2026-10-01 23:31:02 [INFO]   1210 TRI-MUS-57   E=26379 S=0
2026-10-01 23:31:02 [INFO]   1040 PDA.3.11     E=0 S=0
2026-10-01 23:31:02 [INFO]   transactions 23:16:01 -> 23:31:01 : 0 lues en 1 page(s), 0 au musee
2026-10-01 23:31:02 [INFO] Dialogue borne : 0.9 s
2026-10-01 23:31:02 [INFO] Visiteurs du 2026-10-01 : 259 (source transactions, compteur 1, transactions 259)
2026-10-01 23:36:01 [INFO] Borne 192.168.2.10:5205 - compteurs du musee (Area 511 VISITES MUSEE)
2026-10-01 23:36:02 [INFO]   511 VISITES MUSEE E=105682 S=0
2026-10-01 23:36:02 [INFO]   512 ENTREE MUSEE E=105682 S=0
2026-10-01 23:36:02 [INFO]   1208 TRI-MUS-55   E=26071 S=0
2026-10-01 23:36:02 [INFO]   1209 TRI-MUS-56   E=53232 S=0
2026-10-01 23:36:02 [INFO]   1210 TRI-MUS-57   E=26379 S=0
2026-10-01 23:36:02 [INFO]   1040 PDA.3.11     E=0 S=0
2026-10-01 23:36:02 [INFO]   transactions 23:21:01 -> 23:36:01 : 0 lues en 1 page(s), 0 au musee
2026-10-01 23:36:02 [INFO] Dialogue borne : 1.0 s
2026-10-01 23:36:02 [INFO] Visiteurs du 2026-10-01 : 259 (source transactions, compteur 1, transactions 259)
2026-10-01 23:41:01 [INFO] Borne 192.168.2.10:5205 - compteurs du musee (Area 511 VISITES MUSEE)
2026-10-01 23:41:01 [INFO]   511 VISITES MUSEE E=105682 S=0
2026-10-01 23:41:01 [INFO]   512 ENTREE MUSEE E=105682 S=0
2026-10-01 23:41:01 [INFO]   1208 TRI-MUS-55   E=26071 S=0
2026-10-01 23:41:01 [INFO]   1209 TRI-MUS-56   E=53232 S=0
2026-10-01 23:41:02 [INFO]   1210 TRI-MUS-57   E=26379 S=0
2026-10-01 23:41:02 [INFO]   1040 PDA.3.11     E=0 S=0
2026-10-01 23:41:02 [INFO]   transactions 23:26:01 -> 23:41:01 : 0 lues en 1 page(s), 0 au musee
2026-10-01 23:41:02 [INFO] Dialogue borne : 0.8 s
2026-10-01 23:41:02 [INFO] Visiteurs du 2026-10-01 : 259 (source transactions, compteur 1, transactions 259)
2026-10-01 23:46:01 [INFO] Borne 192.168.2.10:5205 - compteurs du musee (Area 511 VISITES MUSEE)
2026-10-01 23:46:01 [INFO]   511 VISITES MUSEE E=105682 S=0
2026-10-01 23:46:01 [INFO]   512 ENTREE MUSEE E=105682 S=0
2026-10-01 23:46:01 [INFO]   1208 TRI-MUS-55   E=26071 S=0
2026-10-01 23:46:02 [INFO]   1209 TRI-MUS-56   E=53232 S=0
2026-10-01 23:46:02 [INFO]   1210 TRI-MUS-57   E=26379 S=0
2026-10-01 23:46:02 [INFO]   1040 PDA.3.11     E=0 S=0
2026-10-01 23:46:02 [INFO]   transactions 23:31:01 -> 23:46:01 : 0 lues en 1 page(s), 0 au musee
2026-10-01 23:46:02 [INFO] Dialogue borne : 0.8 s
2026-10-01 23:46:02 [INFO] Visiteurs du 2026-10-01 : 259 (source transactions, compteur 1, transactions 259)
2026-10-01 23:51:01 [INFO] Borne 192.168.2.10:5205 - compteurs du musee (Area 511 VISITES MUSEE)
2026-10-01 23:51:01 [INFO]   511 VISITES MUSEE E=105682 S=0
2026-10-01 23:51:02 [INFO]   512 ENTREE MUSEE E=105682 S=0
2026-10-01 23:51:02 [INFO]   1208 TRI-MUS-55   E=26071 S=0
2026-10-01 23:51:02 [INFO]   1209 TRI-MUS-56   E=53232 S=0
2026-10-01 23:51:02 [INFO]   1210 TRI-MUS-57   E=26379 S=0
2026-10-01 23:51:02 [INFO]   1040 PDA.3.11     E=0 S=0
2026-10-01 23:51:02 [INFO]   transactions 23:36:01 -> 23:51:01 : 0 lues en 1 page(s), 0 au musee
2026-10-01 23:51:02 [INFO] Dialogue borne : 0.9 s
2026-10-01 23:51:02 [INFO] Visiteurs du 2026-10-01 : 259 (source transactions, compteur 1, transactions 259)
2026-10-01 23:56:01 [INFO] Borne 192.168.2.10:5205 - compteurs du musee (Area 511 VISITES MUSEE)
2026-10-01 23:56:02 [INFO]   511 VISITES MUSEE E=105682 S=0
2026-10-01 23:56:02 [INFO]   512 ENTREE MUSEE E=105682 S=0
2026-10-01 23:56:02 [INFO]   1208 TRI-MUS-55   E=26071 S=0
2026-10-01 23:56:02 [INFO]   1209 TRI-MUS-56   E=53232 S=0
2026-10-01 23:56:02 [INFO]   1210 TRI-MUS-57   E=26379 S=0
2026-10-01 23:56:02 [INFO]   1040 PDA.3.11     E=0 S=0
2026-10-01 23:56:02 [INFO]   transactions 23:41:01 -> 23:56:01 : 0 lues en 1 page(s), 0 au musee
2026-10-01 23:56:02 [INFO] Dialogue borne : 0.9 s
2026-10-01 23:56:02 [INFO] Visiteurs du 2026-10-01 : 259 (source transactions, compteur 1, transactions 259)
